CREATE EXTENSION experiment;
INSERT INTO phonebook (id, name, phone) VALUES
(1, 'Alice', 123456),
(2, 'Bob', NULL);
SELECT phonebook_lookup_seqscan_deform('Alice');
 phonebook_lookup_seqscan_deform 
---------------------------------
                          123456
(1 row)

SELECT phonebook_lookup_seqscan_deform('Bob');
 phonebook_lookup_seqscan_deform 
---------------------------------
                              -2
(1 row)

DROP EXTENSION experiment;
